// Jest Snapshot v1, https://goo.gl/fbAQLP

exports[`LAUNCH LIST should match the LaunchList Snapshot UI 1`] = `
<div>
  <div
    className="grid-3"
  >
    <LaunchCard
      key="0"
      launch={
        Object {
          "crew": null,
          "details": "Engine failure at 33 seconds and loss of vehicle",
          "flight_number": 1,
          "is_tentative": false,
          "launch_date_local": "2006-03-25T10:30:00+12:00",
          "launch_date_unix": 1143239400,
          "launch_date_utc": "2006-03-24T22:30:00.000Z",
          "launch_failure_details": Object {
            "altitude": null,
            "reason": "merlin engine failure",
            "time": 33,
          },
          "launch_site": Object {
            "site_id": "kwajalein_atoll",
            "site_name": "Kwajalein Atoll",
            "site_name_long": "Kwajalein Atoll Omelek Island",
          },
          "launch_success": false,
          "launch_window": 0,
          "launch_year": "2006",
          "links": Object {
            "article_link": "https://www.space.com/2196-spacex-inaugural-falcon-1-rocket-lost-launch.html",
            "flickr_images": Array [],
            "mission_patch": "https://images2.imgbox.com/40/e3/GypSkayF_o.png",
            "mission_patch_small": "https://images2.imgbox.com/3c/0e/T8iJcSN3_o.png",
            "presskit": null,
            "reddit_campaign": null,
            "reddit_launch": null,
            "reddit_media": null,
            "reddit_recovery": null,
            "video_link": "https://www.youtube.com/watch?v=0a_00nJ_Y88",
            "wikipedia": "https://en.wikipedia.org/wiki/DemoSat",
            "youtube_id": "0a_00nJ_Y88",
          },
          "mission_id": Array [],
          "mission_name": "FalconSat",
          "rocket": Object {
            "fairings": Object {
              "recovered": false,
              "recovery_attempt": false,
              "reused": false,
              "ship": null,
            },
            "first_stage": Object {
              "cores": Array [
                Object {
                  "block": null,
                  "core_serial": "Merlin1A",
                  "flight": 1,
                  "gridfins": false,
                  "land_success": null,
                  "landing_intent": false,
                  "landing_type": null,
                  "landing_vehicle": null,
                  "legs": false,
                  "reused": false,
                },
              ],
            },
            "rocket_id": "falcon1",
            "rocket_name": "Falcon 1",
            "rocket_type": "Merlin A",
            "second_stage": Object {
              "block": 1,
              "payloads": Array [
                Object {
                  "customers": Array [
                    "DARPA",
                  ],
                  "manufacturer": "SSTL",
                  "nationality": "United States",
                  "norad_id": Array [],
                  "orbit": "LEO",
                  "orbit_params": Object {
                    "apoapsis_km": 500,
                    "arg_of_pericenter": null,
                    "eccentricity": null,
                    "epoch": null,
                    "inclination_deg": 39,
                    "lifespan_years": null,
                    "longitude": null,
                    "mean_anomaly": null,
                    "mean_motion": null,
                    "periapsis_km": 400,
                    "period_min": null,
                    "raan": null,
                    "reference_system": "geocentric",
                    "regime": "low-earth",
                    "semi_major_axis_km": null,
                  },
                  "payload_id": "FalconSAT-2",
                  "payload_mass_kg": 20,
                  "payload_mass_lbs": 43,
                  "payload_type": "Satellite",
                  "reused": false,
                  "uid": "UerI6qmZTU2Fx2efDFm3QQ==",
                },
              ],
            },
          },
          "ships": Array [],
          "static_fire_date_unix": 1142553600,
          "static_fire_date_utc": "2006-03-17T00:00:00.000Z",
          "tbd": false,
          "telemetry": Object {
            "flight_club": null,
          },
          "tentative_max_precision": "hour",
          "timeline": Object {
            "webcast_liftoff": 54,
          },
          "upcoming": false,
        }
      }
      saveFavorite={[MockFunction]}
    />
  </div>
</div>
`;
