// Jest Snapshot v1, https://goo.gl/fbAQLP

exports[`APP should match the App Snapshot UI 1`] = `
<div>
  <Route
    path="/"
    render={[Function]}
  />
  <Route
    exact={true}
    path="/"
    render={[Function]}
  />
  <Route
    exact={true}
    path="/launch/:flight_number"
    render={[Function]}
  />
  <Route
    exact={true}
    path="/favorites"
    render={[Function]}
  />
  <Route
    exact={true}
    path="/upcoming-launches"
    render={[Function]}
  />
</div>
`;
